\BOOKMARK [1][-]{section.1}{\376\377\137\025\212\000\377\032\116\316\130\236\225\177\214\034\230\230\122\060\174\373\176\337\157\024\123\026\122\250\122\233\133\146}{}% 1
\BOOKMARK [1][-]{section.2}{\376\377\164\006\213\272\127\372\170\100\116\016\133\146\147\057\133\232\117\115\377\032\122\033\145\260\116\016\215\041\163\056}{}% 2
\BOOKMARK [2][-]{subsection.2.1}{\376\377\164\006\213\272\127\372\167\363\377\032\116\316\146\156\122\051\232\330\155\045\122\060\131\015\147\102\171\076\117\032\174\373\176\337}{section.2}% 3
\BOOKMARK [2][-]{subsection.2.2}{\376\377\116\016\163\260\147\011\171\076\117\032\171\321\133\146\164\006\213\272\166\204\146\040\134\004\116\016\145\164\124\010}{section.2}% 4
\BOOKMARK [2][-]{subsection.2.3}{\376\377\150\070\137\303\122\033\145\260\377\032\133\371\163\260\147\011\164\006\213\272\166\204\143\250\217\333}{section.2}% 5
\BOOKMARK [1][-]{section.3}{\376\377\164\006\213\272\152\041\127\213\377\032\162\266\140\001\145\271\172\013\060\001\122\250\122\233\133\146\116\016\166\370\123\330\122\044\143\156}{}% 6
\BOOKMARK [2][-]{subsection.3.1}{\376\377\150\070\137\303\121\154\164\006}{section.3}% 7
\BOOKMARK [2][-]{subsection.3.2}{\376\377\123\330\221\317\133\232\116\111\116\016\173\046\123\367\210\150}{section.3}% 8
\BOOKMARK [2][-]{subsection.3.3}{\376\377\174\373\176\337\162\266\140\001\145\271\172\013\116\016\122\250\122\233\133\146\145\271\172\013}{section.3}% 9
\BOOKMARK [2][-]{subsection.3.4}{\376\377\152\041\127\213\172\063\140\001\060\001\172\063\133\232\140\047\116\016\166\370\123\330\122\044\143\156}{section.3}% 10
\BOOKMARK [3][-]{subsubsection.3.4.1}{\376\377\172\063\140\001\211\343}{subsection.3.4}% 11
\BOOKMARK [3][-]{subsubsection.3.4.2}{\376\377\166\370\123\330\122\044\143\156\377\032\040\034\171\076\117\032\226\367\213\372\145\160\040\035\000R\000s}{subsection.3.4}% 12
\BOOKMARK [3][-]{subsubsection.3.4.3}{\376\377\166\370\126\376\116\016\166\370\172\172\225\364\122\250\122\233\133\146\152\041\142\337}{subsection.3.4}% 13
\BOOKMARK [1][-]{section.4}{\376\377\176\317\232\214\213\250\213\272\377\032\127\372\116\216\171\076\117\032\160\355\122\233\133\146\150\106\147\266\166\204\150\110\117\213\122\006\147\220}{}% 14
\BOOKMARK [2][-]{subsection.4.1}{\376\377\116\055\126\375\145\071\227\151\137\000\145\076\122\035\147\037\377\010\0001\0009\0007\0008\136\164\124\016\377\011\377\032\174\373\176\337\140\047\040\034\226\115\156\051\040\035\116\016\122\277\200\375\221\312\145\076}{section.4}% 15
\BOOKMARK [2][-]{subsection.4.2}{\376\377\145\345\147\054\040\034\131\061\123\273\166\204\116\011\123\101\136\164\040\035\377\032\232\330\176\323\147\204\161\265\116\016\116\055\173\111\143\247\122\066\166\204\174\230\140\047\226\167\226\061}{section.4}% 16
\BOOKMARK [2][-]{subsection.4.3}{\376\377\202\317\200\124\211\343\117\123\122\115\131\025\377\032\173\227\154\325\156\051\136\246\116\016\176\323\147\204\161\265\166\204\140\166\140\047\121\161\143\057}{section.4}% 17
\BOOKMARK [2][-]{subsection.4.4}{\376\377\000A\000I\145\366\116\343\166\204\154\273\164\006\143\021\142\030\377\032\040\034\145\143\160\355\145\110\163\207\040\035\142\020\116\072\145\260\150\070\137\303}{section.4}% 18
\BOOKMARK [2][-]{subsection.4.5}{\376\377\176\310\147\201\143\250\157\024\377\032\142\200\147\057\215\303\217\301\116\016\040\034\171\076\117\032\157\024\123\026\166\204\122\250\140\001\172\063\140\001\137\213\040\035}{section.4}% 19
\BOOKMARK [1][-]{section.5}{\376\377\164\006\213\272\215\041\163\056\140\073\176\323}{}% 20
\BOOKMARK [1][-]{section.6}{\376\377\133\236\213\301\144\315\117\134\123\026\134\125\147\033}{}% 21
\BOOKMARK [1][-]{section.7}{\376\377\176\323\213\272\116\016\134\125\147\033}{}% 22
